// Jest Snapshot v1, https://goo.gl/fbAQLP

exports[`ModifyViewer Component Renders the complete ModifyViewer Component and all nested Components 1`] = `
<Fragment>
  <section
    className="Recipe_Modifier"
  >
    <h1
      id="modify-info"
    >
      Modifying: 
    </h1>
    <h2
      id="date-display"
    >
      Last Modified: 
      Invalid Date
    </h2>
    <h3
      id="cuisine-styles-both"
    >
      , 
    </h3>
    <div
      className="Title_Modifier"
    >
      <h2
        id="title-changer"
      >
        Change Your Recipe Title:
      </h2>
      <input
        id="fuse_name_mod"
        name="fuse_name_mod"
        onChange={[Function]}
      />
      <ErrorValidation />
    </div>
    <div
      className="Ingredient_Modifier"
    >
      <h2
        id="mod-ingredients"
      >
        Ingredients
      </h2>
      <p
        id="ingredient-instructor"
      >
        Change or modify the recipe's ingredients:
      </p>
      <ul
        id="mod-ingredients-list"
      >
        <li
          key="0"
        >
          <input
            defaultValue=""
            id="mod_ingredients"
            key="0"
            name="mod_ingredients"
            onChange={[Function]}
            type="text"
          />
        </li>
        <AddModIngredients />
      </ul>
      <ErrorValidation />
    </div>
    <div
      className="Steps_Modifier"
    >
      <h2
        id="mod-steps"
      >
        Steps
      </h2>
      <p
        id="step-instructor"
      >
        Change or modify the recipe's steps:
      </p>
      <ol
        id="mod-steps-list"
      >
        <li
          key="0"
        >
          <textarea
            defaultValue=""
            id="mod_steps"
            key="0"
            name="mod_steps"
            onChange={[Function]}
            rows="10"
          />
        </li>
        <AddModSteps />
      </ol>
      <ErrorValidation />
    </div>
  </section>
</Fragment>
`;
