// Jest Snapshot v1, https://goo.gl/fbAQLP

exports[`RecipeEditor Component Renders the complete RecipeEditor Component and all nested Components 1`] = `
<Fragment>
  <section
    className="Recipe_Editor"
  >
    <h1
      id="fuse-info"
    >
      Fusing: 
    </h1>
    <div
      className="Title_Editor"
    >
      <img
        alt="oven mitt"
        id="mitt-fuse-icon"
        src="oven-mitt.png"
      />
      <h2
        id="title-instructor"
      >
        Enter a New Recipe Title:
      </h2>
      <label
        htmlFor="name-changer-input"
      >
        <input
          id="name-changer"
          name="fuse_name"
          onChange={[Function]}
          type="text"
        />
      </label>
      <ErrorValidation />
    </div>
    <div
      className="Fuse_Cuisine"
    >
      <img
        alt="cookbook"
        id="cookbook-fuse-icon"
        src="cookbook.png"
      />
      <h2
        id="cuisine-info"
      >
        Your starting culinary style is: 
      </h2>
      <input
        name="base_cuisine"
        type="hidden"
      />
      <label
        htmlFor="cuisines"
        name="fuse_cuisine"
      >
        <p
          id="select-cuisine"
        >
           Select your "Fusion" style (or, select "None"): 
        </p>
        <select
          id="fusion-cuisine"
          name="fuse_cuisine"
          required={true}
        >
          <option
            value=""
          >
            --Select One--
          </option>
        </select>
      </label>
    </div>
    <div
      className="Edit_Ingredients"
    >
      <img
        alt="flour sack"
        id="flour-fuse-icon"
        src="flour-sack.png"
      />
      <h2
        id="ingredient-title"
      >
        Ingredients
      </h2>
      <p
        id="ingredient-instructor"
      >
        Change or modify the recipe's ingredients:
      </p>
      <ul
        id="edit-list-ingredients"
      >
        <li
          key="0"
        >
          <label
            htmlFor="fuse-ingredients-inputs"
          >
            <input
              className="Fuse_Ingredients"
              defaultValue=""
              id="fuse-ingredients"
              key="0"
              name="fuse_ingredients"
              onChange={[Function]}
              type="text"
            />
          </label>
        </li>
        <AddIngredients />
      </ul>
      <ErrorValidation />
    </div>
    <div
      className="Edit_Steps"
    >
      <img
        alt="frying pan"
        id="pan-fuse-icon"
        src="frying-pan.png"
      />
      <h2
        id="step-title"
      >
        Steps
      </h2>
      <p
        id="step-instructor"
      >
        Change or modify the recipe's steps:
      </p>
      <ol
        id="edit-list-steps"
      >
        <li
          key="0"
        >
          <label
            htmlFor="fuse-steps-inputs"
          >
            <textarea
              className="Fuse_Steps"
              defaultValue=""
              id="fuse-steps"
              key="0"
              name="fuse_steps"
              onChange={[Function]}
              rows="10"
            />
          </label>
        </li>
        <AddSteps />
      </ol>
      <ErrorValidation />
    </div>
  </section>
</Fragment>
`;
