// Jest Snapshot v1, https://goo.gl/fbAQLP

exports[`RecipeEditor Component Renders the complete RecipeEditor Component and all nested Components 1`] = `
<Fragment>
  <section
    className="Recipe_Editor"
  >
    <h1
      id="fuse-info"
    >
      Fusing: 
    </h1>
    <div
      className="Title_Editor"
    >
      <h2
        id="title-instructor"
      >
        Enter a New Recipe Title:
      </h2>
      <input
        id="name-changer"
        name="fuse_name"
        onChange={[Function]}
      />
      <ErrorValidation />
    </div>
    <div
      className="Fuse_Cuisine"
    >
      <p
        id="cuisine-info"
      >
        Your starting culinary style is: 
         
      </p>
      <input
        name="base_cuisine"
        type="hidden"
      />
      <label
        htmlFor="cuisines"
        name="fuse_cuisine"
      >
        Select your "Fusion" style (or, select "None"):
      </label>
      <select
        id="fusion_cuisine"
        name="fuse_cuisine"
        required={true}
      >
        <option
          value=""
        >
          --Select One--
        </option>
      </select>
    </div>
    <div
      className="Edit_Ingredients"
    >
      <h2
        id="ingredient-title"
      >
        Ingredients
      </h2>
      <p
        id="ingredient-instructor"
      >
        Change or modify the recipe's ingredients:
      </p>
      <ul
        id="edit-list-ingredients"
      >
        <li
          key="0"
        >
          <input
            defaultValue=""
            id="fuse_ingredients"
            key="0"
            name="fuse_ingredients"
            onChange={[Function]}
            type="text"
          />
        </li>
        <AddIngredients />
      </ul>
      <ErrorValidation />
    </div>
    <div
      className="Edit_Steps"
    >
      <h2
        id="step-title"
      >
        Steps
      </h2>
      <p
        id="step-instructor"
      >
        Change or modify the recipe's steps:
      </p>
      <ol
        id="edit-list-steps"
      >
        <li
          key="0"
        >
          <textarea
            defaultValue=""
            id="fuse_steps"
            key="0"
            name="fuse_steps"
            onChange={[Function]}
            rows="10"
          />
        </li>
        <AddSteps />
      </ol>
      <ErrorValidation />
    </div>
  </section>
</Fragment>
`;
