// Jest Snapshot v1, https://goo.gl/fbAQLP

exports[`RegistrationPage Component Renders the complete RegistrationPage Component and all nested Components 1`] = `
<section
  className="Registration_Page"
>
  <h3>
    Let's Get Cooking! (Will Be Included in Final Version)
  </h3>
  <form
    className="Register_Form"
  >
    <label
      htmlFor="username"
    >
      <p
        id="new-user"
      >
        Username:
      </p>
      <input
        id="reg-user"
        name="register_username"
        type="text"
      />
    </label>
    <label
      htmlFor="password"
    >
      <p
        id="new-password"
      >
        Password:
      </p>
      <input
        id="reg-password"
        name="register_password"
        type="password"
      />
    </label>
    <label
      htmlFor="confirm-password"
    >
      <p
        id="confirm-pass"
      >
        Re-Type Password:
      </p>
      <input
        id="confirm-password"
        name="confirm_pass"
        type="password"
      />
    </label>
    <button
      id="register-new"
      type="submit"
    >
      Register
    </button>
  </form>
</section>
`;
