// Jest Snapshot v1, https://goo.gl/fbAQLP

exports[`RegistrationPage Component Renders the complete RegistrationPage Component and all nested Components 1`] = `
<section
  className="Registration_Page"
>
  <img
    alt="cutlery"
    id="cutlery-icon"
    src="cutlery.png"
  />
  <h3
    id="register-tag"
  >
    Let's Get Cooking!
  </h3>
  <form
    className="Register_Form"
    onSubmit={[Function]}
  >
    <label
      htmlFor="username"
    >
      <p
        id="new-user"
      >
        Username:
      </p>
      <input
        id="reg-user"
        name="register_username"
        onChange={[Function]}
        type="text"
      />
    </label>
    <label
      htmlFor="password"
    >
      <p
        id="new-password"
      >
        Password:
      </p>
      <input
        id="reg-password"
        name="register_password"
        onChange={[Function]}
        type="password"
      />
    </label>
    <label
      htmlFor="confirm-password"
    >
      <p
        id="confirm-password"
      >
        Re-Type Password:
      </p>
      <input
        id="confirm-pass"
        name="confirm_pass"
        onChange={[Function]}
        type="password"
      />
    </label>
    <button
      id="register-new"
      type="submit"
    >
      Register
    </button>
  </form>
  <ErrorValidation />
  <ErrorValidation />
  <ErrorValidation />
</section>
`;
