// Jest Snapshot v1, https://goo.gl/fbAQLP

exports[`LoginPage Component Renders the complete LoginPage Component and all nested Components 1`] = `
<section
  className="Login_Page"
>
  <img
    alt="cooking pot"
    id="cooking-pot-icon"
    src="cooking-pot.png"
  />
  <h3
    id="login-tag"
  >
    Log In
  </h3>
  <form
    className="Login_Form"
    onSubmit={[Function]}
  >
    <label
      htmlFor="username"
    >
      <p
        id="return-user"
      >
        Username:
      </p>
      <input
        id="return-app-user"
        name="return_username"
        type="text"
      />
    </label>
    <label
      htmlFor="password"
    >
      <p
        id="return-pass"
      >
        Password:
      </p>
      <input
        id="user-password"
        name="return_password"
        type="password"
      />
    </label>
    <button
      id="user-login"
      type="submit"
    >
      Login
    </button>
  </form>
  <div
    className="Demo_Info"
  >
    <span
      id="demo-user"
    >
      Demo User: thinkful2020!
    </span>
    <span
      id="demo-pass"
    >
      Demo Password: GetC0ok1ng!
    </span>
  </div>
  <ErrorValidation
    id="login-error"
    message={null}
  />
</section>
`;
