// Jest Snapshot v1, https://goo.gl/fbAQLP

exports[`FusionNav Component Renders the complete FusionNav Component and all nested Components 1`] = `
<nav
  className="Fusion_Nav"
  role="navigation"
>
  <div
    className="Guest_Nav"
  >
    <Link
      to="/"
    >
      About
    </Link>
    <Link
      to="/get-started"
    >
      Register
    </Link>
    <Link
      to="/login"
    >
      Log In
    </Link>
  </div>
</nav>
`;
