// Jest Snapshot v1, https://goo.gl/fbAQLP

exports[`FusionNav Component Renders the complete FusionNav Component and all nested Components 1`] = `
<Fragment>
  <div
    className="Guest_Nav"
  >
    <Link
      id="link-home"
      to="/"
    >
      About
    </Link>
    <Link
      id="link-register"
      to="/get-started"
    >
      Register
    </Link>
    <Link
      id="link-login"
      to="/login"
    >
      Log In
    </Link>
  </div>
</Fragment>
`;
